/usr/local/lib/python3.11/dist-packages/pandas/core/arraylike.py:402: RuntimeWarning: divide by zero encountered in log
  result = getattr(ufunc, method)(*inputs, **kwargs)
/usr/local/lib/python3.11/dist-packages/pandas/core/arraylike.py:402: RuntimeWarning: invalid value encountered in log
  result = getattr(ufunc, method)(*inputs, **kwargs)
/usr/local/lib/python3.11/dist-packages/pandas/core/arraylike.py:402: RuntimeWarning: divide by zero encountered in log
  result = getattr(ufunc, method)(*inputs, **kwargs)
/usr/local/lib/python3.11/dist-packages/pandas/core/arraylike.py:402: RuntimeWarning: invalid value encountered in log
  result = getattr(ufunc, method)(*inputs, **kwargs)
/usr/local/lib/python3.11/dist-packages/pandas/core/arraylike.py:402: RuntimeWarning: divide by zero encountered in log
  result = getattr(ufunc, method)(*inputs, **kwargs)
/usr/local/lib/python3.11/dist-packages/pandas/core/arraylike.py:402: RuntimeWarning: divide by zero encountered in log
  result = getattr(ufunc, method)(*inputs, **kwargs)
/usr/local/lib/python3.11/dist-packages/pandas/core/arraylike.py:402: RuntimeWarning: invalid value encountered in log
  result = getattr(ufunc, method)(*inputs, **kwargs)
/usr/local/lib/python3.11/dist-packages/pandas/core/arraylike.py:402: RuntimeWarning: divide by zero encountered in log
  result = getattr(ufunc, method)(*inputs, **kwargs)
/usr/local/lib/python3.11/dist-packages/pandas/core/arraylike.py:402: RuntimeWarning: invalid value encountered in log
  result = getattr(ufunc, method)(*inputs, **kwargs)
/usr/local/lib/python3.11/dist-packages/pandas/core/arraylike.py:402: RuntimeWarning: divide by zero encountered in log
  result = getattr(ufunc, method)(*inputs, **kwargs)
/usr/local/lib/python3.11/dist-packages/pandas/core/arraylike.py:402: RuntimeWarning: divide by zero encountered in log
  result = getattr(ufunc, method)(*inputs, **kwargs)
/usr/local/lib/python3.11/dist-packages/pandas/core/arraylike.py:402: RuntimeWarning: invalid value encountered in log
  result = getattr(ufunc, method)(*inputs, **kwargs)
/usr/local/lib/python3.11/dist-packages/pandas/core/arraylike.py:402: RuntimeWarning: divide by zero encountered in log
  result = getattr(ufunc, method)(*inputs, **kwargs)
/usr/local/lib/python3.11/dist-packages/pandas/core/arraylike.py:402: RuntimeWarning: invalid value encountered in log
  result = getattr(ufunc, method)(*inputs, **kwargs)
/usr/local/lib/python3.11/dist-packages/pandas/core/arraylike.py:402: RuntimeWarning: divide by zero encountered in log
  result = getattr(ufunc, method)(*inputs, **kwargs)
       窗口          控制         被解释变量              kline               tick 差（tick−kline） Δt 弹性 kline Δt 弹性 tick
0   ±30 d           σ  log 越界幅度（严格）  -0.198*** (0.026)  -0.090*** (0.027)        +0.108        0.39       0.18
2   ±30 d           σ     log 套利者利润  -0.673*** (0.097)  -0.434*** (0.079)        +0.239        1.32       0.85
4   ±30 d           σ  log LP 损失（总）  -0.350*** (0.074)  -0.298*** (0.070)        +0.051                       
5   ±30 d           σ      log 套利笔数   -0.066** (0.027)   +0.056** (0.025)        +0.122                       
6   ±30 d     σ+L+vol  log 越界幅度（严格）  -0.268*** (0.023)  -0.162*** (0.022)        +0.106        0.53       0.32
8   ±30 d     σ+L+vol     log 套利者利润  -0.462*** (0.067)  -0.176*** (0.041)        +0.286        0.90       0.34
10  ±30 d     σ+L+vol  log LP 损失（总）  -0.048*** (0.013)     -0.004 (0.011)        +0.044                       
11  ±30 d     σ+L+vol      log 套利笔数     -0.032 (0.025)  +0.100*** (0.023)        +0.132                       
12  ±30 d  σ+L+vol+趋势  log 越界幅度（严格）  -0.195*** (0.041)  -0.112*** (0.039)        +0.083        0.38       0.22
14  ±30 d  σ+L+vol+趋势     log 套利者利润  -0.475*** (0.114)   -0.133** (0.067)        +0.342        0.93       0.26
16  ±30 d  σ+L+vol+趋势  log LP 损失（总）     +0.009 (0.024)     +0.028 (0.020)        +0.019                       
17  ±30 d  σ+L+vol+趋势      log 套利笔数  -0.133*** (0.040)     -0.017 (0.038)        +0.116                       
18  ±30 d          RD  log 越界幅度（严格）  -0.196*** (0.039)  -0.114*** (0.037)        +0.082        0.38       0.22
20  ±30 d          RD     log 套利者利润  -0.476*** (0.114)   -0.137** (0.065)        +0.339        0.93       0.27
22  ±30 d          RD  log LP 损失（总）     +0.011 (0.020)    +0.030* (0.018)        +0.018                       
23  ±30 d          RD      log 套利笔数  -0.134*** (0.041)     -0.020 (0.039)        +0.114                       
24  ±14 d           σ  log 越界幅度（严格）  -0.180*** (0.034)  -0.093*** (0.034)        +0.087        0.35       0.18
26  ±14 d           σ     log 套利者利润  -0.432*** (0.115)     -0.152 (0.095)        +0.280        0.85       0.30
28  ±14 d           σ  log LP 损失（总）   -0.128** (0.060)     -0.093 (0.059)        +0.035                       
29  ±14 d           σ      log 套利笔数   -0.080** (0.036)     +0.039 (0.033)        +0.119                       
30  ±14 d     σ+L+vol  log 越界幅度（严格）  -0.223*** (0.030)  -0.131*** (0.028)        +0.092        0.44       0.26
32  ±14 d     σ+L+vol     log 套利者利润  -0.401*** (0.081)    -0.088* (0.048)        +0.313        0.78       0.17
34  ±14 d     σ+L+vol  log LP 损失（总）  -0.043*** (0.014)     -0.004 (0.013)        +0.039                       
35  ±14 d     σ+L+vol      log 套利笔数  -0.099*** (0.030)     +0.028 (0.026)        +0.127                       
36  ±14 d  σ+L+vol+趋势  log 越界幅度（严格）  -0.149*** (0.046)     -0.017 (0.047)        +0.132        0.29       0.03
38  ±14 d  σ+L+vol+趋势     log 套利者利润   -0.317** (0.138)     -0.071 (0.069)        +0.246        0.62       0.14
40  ±14 d  σ+L+vol+趋势  log LP 损失（总）     -0.026 (0.031)     +0.017 (0.027)        +0.043                       
41  ±14 d  σ+L+vol+趋势      log 套利笔数   -0.138** (0.065)     -0.035 (0.058)        +0.103                       
42  ±14 d          RD  log 越界幅度（严格）  -0.141*** (0.040)     -0.013 (0.045)        +0.128        0.28       0.03
44  ±14 d          RD     log 套利者利润   -0.319** (0.135)     -0.073 (0.068)        +0.246        0.62       0.14
46  ±14 d          RD  log LP 损失（总）     -0.026 (0.032)     +0.017 (0.028)        +0.043                       
47  ±14 d          RD      log 套利笔数   -0.137** (0.065)     -0.031 (0.058)        +0.106                       
48   ±7 d           σ  log 越界幅度（严格）  -0.109*** (0.034)     +0.002 (0.045)        +0.110        0.21      -0.00
50   ±7 d           σ     log 套利者利润  -0.641*** (0.168)  -0.351*** (0.134)        +0.290        1.26       0.69
52   ±7 d           σ  log LP 损失（总）  -0.285*** (0.086)  -0.248*** (0.086)        +0.037                       
53   ±7 d           σ      log 套利笔数  -0.157*** (0.050)     -0.043 (0.047)        +0.114                       
54   ±7 d     σ+L+vol  log 越界幅度（严格）  -0.177*** (0.036)     -0.057 (0.035)        +0.120        0.35       0.11
56   ±7 d     σ+L+vol     log 套利者利润  -0.414*** (0.123)    -0.091* (0.055)        +0.323        0.81       0.18
58   ±7 d     σ+L+vol  log LP 损失（总）   -0.053** (0.025)     -0.004 (0.022)        +0.049                       
59   ±7 d     σ+L+vol      log 套利笔数  -0.179*** (0.044)     -0.047 (0.039)        +0.132                       
60   ±7 d  σ+L+vol+趋势  log 越界幅度（严格）   -0.147** (0.067)     -0.043 (0.067)        +0.104        0.29       0.08
62   ±7 d  σ+L+vol+趋势     log 套利者利润     -0.175 (0.137)     +0.009 (0.081)        +0.183        0.34      -0.02
64   ±7 d  σ+L+vol+趋势  log LP 损失（总）     +0.026 (0.041)    +0.066* (0.036)        +0.040                       
65   ±7 d  σ+L+vol+趋势      log 套利笔数     -0.040 (0.075)     +0.057 (0.069)        +0.097                       

      窗口          控制        楔子：越界幅度（严格）       σ 系数（严格越界楔子）  n（严格越界楔子）        楔子：越界幅度（全部）           楔子：套利者利润        楔子：LP 损失（总）            楔子：套利笔数
0  ±30 d           σ  +0.114*** (0.016)  -0.068*** (0.017)       4304  +0.064*** (0.008)  +0.280*** (0.037)  +0.062*** (0.007)  +0.138*** (0.010)
1  ±30 d     σ+L+vol  +0.109*** (0.016)     -0.012 (0.033)       4304  +0.067*** (0.008)  +0.293*** (0.035)  +0.051*** (0.006)  +0.140*** (0.011)
2  ±30 d  σ+L+vol+趋势  +0.084*** (0.030)     -0.017 (0.033)       4304  +0.078*** (0.015)  +0.363*** (0.068)   +0.028** (0.011)  +0.124*** (0.019)
3  ±14 d           σ  +0.092*** (0.020)  -0.131*** (0.029)       2002  +0.064*** (0.010)  +0.323*** (0.049)  +0.047*** (0.007)  +0.133*** (0.014)
4  ±14 d     σ+L+vol  +0.095*** (0.019)     -0.054 (0.044)       2002  +0.067*** (0.011)  +0.323*** (0.050)  +0.045*** (0.006)  +0.134*** (0.015)
5  ±14 d  σ+L+vol+趋势  +0.131*** (0.038)     -0.052 (0.044)       2002  +0.073*** (0.018)  +0.325*** (0.097)  +0.055*** (0.009)  +0.112*** (0.026)

      窗口        跳变：越界幅度（严格）       分叉前斜率（严格）  跳变（严格，加 log 参考价差）         log 参考价差系数        跳变：越界幅度（全部）           跳变：套利者利润            跳变：套利笔数        跳变：LP 损失（总）
0  ±30 d  +0.079*** (0.030)  +0.000 (0.001)   +0.067** (0.028)  +0.080*** (0.019)  +0.062*** (0.015)  +0.318*** (0.071)  +0.116*** (0.016)   +0.028** (0.011)
1  ±14 d  +0.126*** (0.040)  +0.002 (0.003)  +0.097*** (0.036)  +0.114*** (0.027)  +0.078*** (0.018)  +0.374*** (0.092)  +0.121*** (0.020)  +0.060*** (0.009)
